// Jest Snapshot v1, https://goo.gl/fbAQLP

exports[`<DeleteModal /> spec renders the component 1`] = `
Object {
  "asFragment": [Function],
  "baseElement": <body
    class="euiBody-hasOverlayMask"
  >
    <div
      aria-hidden="true"
      data-aria-hidden="true"
    />
    <div
      aria-hidden="true"
      class="euiOverlayMask euiOverlayMask--aboveHeader"
      data-aria-hidden="true"
    />
    <div
      class="euiOverlayMask euiOverlayMask--aboveHeader"
    >
      <div
        aria-hidden="true"
        data-aria-hidden="true"
        data-focus-guard="true"
        style="width: 1px; height: 0px; padding: 0px; overflow: hidden; position: fixed; top: 1px; left: 1px;"
        tabindex="0"
      />
      <div
        data-focus-lock-disabled="false"
      >
        <div
          class="euiModal euiModal--maxWidth-default euiModal--confirmation"
          tabindex="0"
        >
          <button
            aria-label="Closes this modal window"
            class="euiButtonIcon euiButtonIcon--text euiButtonIcon--empty euiButtonIcon--xSmall euiModal__closeIcon"
            type="button"
          >
            EuiIconMock
          </button>
          <div
            class="euiModal__flex"
          >
            <div
              class="euiModalHeader"
            >
              <div
                class="euiModalHeader__title"
                data-test-subj="confirmModalTitleText"
              >
                <div
                  class="euiText euiText--small"
                >
                  <h2>
                    \`Delete $
                    some type
                    \`
                  </h2>
                </div>
              </div>
            </div>
            <div
              class="euiModalBody"
            >
              <div
                class="euiModalBody__overflow"
              >
                <div
                  class="euiText euiText--medium"
                  data-test-subj="confirmModalBodyText"
                >
                  <div
                    class="euiForm"
                  >
                    <p>
                      Delete "
                      <strong>
                        some ids
                      </strong>
                      " permanently? 
                    </p>
                    <div
                      class="euiSpacer euiSpacer--s"
                    />
                  </div>
                </div>
              </div>
            </div>
            <div
              class="euiModalFooter"
            >
              <button
                class="euiButtonEmpty euiButtonEmpty--primary"
                data-test-subj="confirmModalCancelButton"
                type="button"
              >
                <span
                  class="euiButtonContent euiButtonEmpty__content"
                >
                  <span
                    class="euiButtonEmpty__text"
                  >
                    Cancel
                  </span>
                </span>
              </button>
              <button
                class="euiButton euiButton--danger euiButton--fill"
                data-test-subj="confirmModalConfirmButton"
                type="button"
              >
                <span
                  class="euiButtonContent euiButton__content"
                >
                  <span
                    class="euiButton__text"
                  >
                    Delete some type
                  </span>
                </span>
              </button>
            </div>
          </div>
        </div>
      </div>
      <div
        aria-hidden="true"
        data-aria-hidden="true"
        data-focus-guard="true"
        style="width: 1px; height: 0px; padding: 0px; overflow: hidden; position: fixed; top: 1px; left: 1px;"
        tabindex="0"
      />
    </div>
  </body>,
  "container": <div
    aria-hidden="true"
    data-aria-hidden="true"
  />,
  "debug": [Function],
  "findAllByAltText": [Function],
  "findAllByDisplayValue": [Function],
  "findAllByLabelText": [Function],
  "findAllByPlaceholderText": [Function],
  "findAllByRole": [Function],
  "findAllByTestId": [Function],
  "findAllByText": [Function],
  "findAllByTitle": [Function],
  "findByAltText": [Function],
  "findByDisplayValue": [Function],
  "findByLabelText": [Function],
  "findByPlaceholderText": [Function],
  "findByRole": [Function],
  "findByTestId": [Function],
  "findByText": [Function],
  "findByTitle": [Function],
  "getAllByAltText": [Function],
  "getAllByDisplayValue": [Function],
  "getAllByLabelText": [Function],
  "getAllByPlaceholderText": [Function],
  "getAllByRole": [Function],
  "getAllByTestId": [Function],
  "getAllByText": [Function],
  "getAllByTitle": [Function],
  "getByAltText": [Function],
  "getByDisplayValue": [Function],
  "getByLabelText": [Function],
  "getByPlaceholderText": [Function],
  "getByRole": [Function],
  "getByTestId": [Function],
  "getByText": [Function],
  "getByTitle": [Function],
  "queryAllByAltText": [Function],
  "queryAllByDisplayValue": [Function],
  "queryAllByLabelText": [Function],
  "queryAllByPlaceholderText": [Function],
  "queryAllByRole": [Function],
  "queryAllByTestId": [Function],
  "queryAllByText": [Function],
  "queryAllByTitle": [Function],
  "queryByAltText": [Function],
  "queryByDisplayValue": [Function],
  "queryByLabelText": [Function],
  "queryByPlaceholderText": [Function],
  "queryByRole": [Function],
  "queryByTestId": [Function],
  "queryByText": [Function],
  "queryByTitle": [Function],
  "rerender": [Function],
  "unmount": [Function],
}
`;
