// Jest Snapshot v1, https://goo.gl/fbAQLP

exports[`<DetectorBasicDetailsView /> spec renders the component 1`] = `
Object {
  "asFragment": [Function],
  "baseElement": <body>
    <div>
      <div
        class="euiPanel euiPanel--paddingMedium euiPanel--borderRadiusMedium euiPanel--plain euiPanel--hasShadow"
        style="padding: 16px;"
      >
        <div
          class="euiFlexGroup euiFlexGroup--gutterLarge euiFlexGroup--alignItemsCenter euiFlexGroup--justifyContentSpaceBetween euiFlexGroup--directionRow euiFlexGroup--responsive"
          style="padding: 0px 10px;"
        >
          <div
            class="euiFlexItem"
          >
            <div
              class="euiText euiText--small"
            >
              <h3>
                Detector details
              </h3>
            </div>
          </div>
          <div
            class="euiFlexItem euiFlexItem--flexGrowZero"
          >
            <div
              class="euiFlexGroup euiFlexGroup--gutterLarge euiFlexGroup--alignItemsCenter euiFlexGroup--justifyContentSpaceBetween euiFlexGroup--directionRow euiFlexGroup--responsive"
            >
              <div
                class="euiFlexItem"
              >
                <button
                  class="euiButton euiButton--primary euiButton--small"
                  data-test-subj="edit-detector-basic-details"
                  type="button"
                >
                  <span
                    class="euiButtonContent euiButton__content"
                  >
                    <span
                      class="euiButton__text"
                    >
                      Edit
                    </span>
                  </span>
                </button>
              </div>
            </div>
          </div>
        </div>
        <hr
          class="euiHorizontalRule euiHorizontalRule--full euiHorizontalRule--marginXSmall"
        />
        <div
          style="padding: 0px 10px;"
        >
          <div
            class="euiSpacer euiSpacer--l"
          />
          <div
            class="euiFlexGroup euiFlexGroup--gutterLarge euiFlexGroup--directionRow euiFlexGroup--responsive detailsFormRow"
          >
            <div
              class="euiFlexItem"
            >
              <div
                class="euiFormRow euiFormRow--fullWidth euiFormRow--compressed"
                id="some_html_id-row"
              >
                <div
                  class="euiFormRow__labelWrapper"
                >
                  <label
                    class="euiFormLabel euiFormRow__label"
                    for="some_html_id"
                  >
                    Detector name
                  </label>
                </div>
                <div
                  class="euiFormRow__fieldWrapper"
                >
                  <div
                    class="euiText euiText--small"
                    data-test-subj="text-details-group-content-detector-name"
                    id="some_html_id"
                  >
                    detector_name
                  </div>
                </div>
              </div>
            </div>
            <div
              class="euiFlexItem"
            >
              <div
                class="euiFormRow euiFormRow--fullWidth euiFormRow--compressed"
                id="some_html_id-row"
              >
                <div
                  class="euiFormRow__labelWrapper"
                >
                  <label
                    class="euiFormLabel euiFormRow__label"
                    for="some_html_id"
                  >
                    Description
                  </label>
                </div>
                <div
                  class="euiFormRow__fieldWrapper"
                >
                  <div
                    class="euiText euiText--small"
                    data-test-subj="text-details-group-content-description"
                    id="some_html_id"
                  >
                    detectorDescription
                  </div>
                </div>
              </div>
            </div>
            <div
              class="euiFlexItem"
            >
              <div
                class="euiFormRow euiFormRow--fullWidth euiFormRow--compressed"
                id="some_html_id-row"
              >
                <div
                  class="euiFormRow__labelWrapper"
                >
                  <label
                    class="euiFormLabel euiFormRow__label"
                    for="some_html_id"
                  >
                    Detector schedule
                  </label>
                </div>
                <div
                  class="euiFormRow__fieldWrapper"
                >
                  <div
                    class="euiText euiText--small"
                    data-test-subj="text-details-group-content-detector-schedule"
                    id="some_html_id"
                  >
                    Every 1 minute
                  </div>
                </div>
              </div>
            </div>
          </div>
          <div
            class="euiSpacer euiSpacer--l"
          />
          <div
            class="euiFlexGroup euiFlexGroup--gutterLarge euiFlexGroup--directionRow euiFlexGroup--responsive detailsFormRow"
          >
            <div
              class="euiFlexItem"
            >
              <div
                class="euiFormRow euiFormRow--fullWidth euiFormRow--compressed"
                id="some_html_id-row"
              >
                <div
                  class="euiFormRow__labelWrapper"
                >
                  <label
                    class="euiFormLabel euiFormRow__label"
                    for="some_html_id"
                  >
                    Data source
                  </label>
                </div>
                <div
                  class="euiFormRow__fieldWrapper"
                >
                  <div
                    class="euiText euiText--small"
                    data-test-subj="text-details-group-content-data-source"
                    id="some_html_id"
                  >
                    <div
                      class="euiText euiText--medium"
                    >
                      .windows
                    </div>
                  </div>
                </div>
              </div>
            </div>
            <div
              class="euiFlexItem"
            >
              <div
                class="euiFormRow euiFormRow--fullWidth euiFormRow--compressed"
                id="some_html_id-row"
              >
                <div
                  class="euiFormRow__labelWrapper"
                >
                  <label
                    class="euiFormLabel euiFormRow__label"
                    for="some_html_id"
                  >
                    Log type
                  </label>
                </div>
                <div
                  class="euiFormRow__fieldWrapper"
                >
                  <div
                    class="euiText euiText--small"
                    data-test-subj="text-details-group-content-log-type"
                    id="some_html_id"
                  >
                    Detector Type
                  </div>
                </div>
              </div>
            </div>
            <div
              class="euiFlexItem"
            >
              <div
                class="euiFormRow euiFormRow--fullWidth euiFormRow--compressed"
                id="some_html_id-row"
              >
                <div
                  class="euiFormRow__labelWrapper"
                >
                  <label
                    class="euiFormLabel euiFormRow__label"
                    for="some_html_id"
                  >
                    Detector dashboard
                  </label>
                </div>
                <div
                  class="euiFormRow__fieldWrapper"
                >
                  <div
                    class="euiText euiText--small"
                    data-test-subj="text-details-group-content-detector-dashboard"
                    id="some_html_id"
                  >
                    Not available for this log type
                  </div>
                </div>
              </div>
            </div>
          </div>
          <div
            class="euiSpacer euiSpacer--l"
          />
          <div
            class="euiFlexGroup euiFlexGroup--gutterLarge euiFlexGroup--directionRow euiFlexGroup--responsive detailsFormRow"
          >
            <div
              class="euiFlexItem"
            >
              <div
                class="euiFormRow euiFormRow--fullWidth euiFormRow--compressed"
                id="some_html_id-row"
              >
                <div
                  class="euiFormRow__labelWrapper"
                >
                  <label
                    class="euiFormLabel euiFormRow__label"
                    for="some_html_id"
                  >
                    Detection rules
                  </label>
                </div>
                <div
                  class="euiFormRow__fieldWrapper"
                >
                  <div
                    class="euiText euiText--small"
                    data-test-subj="text-details-group-content-detection-rules"
                    id="some_html_id"
                  >
                    2
                  </div>
                </div>
              </div>
            </div>
            <div
              class="euiFlexItem"
            >
              <div
                class="euiFormRow euiFormRow--fullWidth euiFormRow--compressed"
                id="some_html_id-row"
              >
                <div
                  class="euiFormRow__labelWrapper"
                >
                  <label
                    class="euiFormLabel euiFormRow__label"
                    for="some_html_id"
                  >
                    Created at
                  </label>
                </div>
                <div
                  class="euiFormRow__fieldWrapper"
                >
                  <div
                    class="euiText euiText--small"
                    data-test-subj="text-details-group-content-created-at"
                    id="some_html_id"
                  >
                    2023-01-25T10:05
                  </div>
                </div>
              </div>
            </div>
            <div
              class="euiFlexItem"
            >
              <div
                class="euiFormRow euiFormRow--fullWidth euiFormRow--compressed"
                id="some_html_id-row"
              >
                <div
                  class="euiFormRow__labelWrapper"
                >
                  <label
                    class="euiFormLabel euiFormRow__label"
                    for="some_html_id"
                  >
                    Last updated time
                  </label>
                </div>
                <div
                  class="euiFormRow__fieldWrapper"
                >
                  <div
                    class="euiText euiText--small"
                    data-test-subj="text-details-group-content-last-updated-time"
                    id="some_html_id"
                  >
                    2023-01-25T10:05
                  </div>
                </div>
              </div>
            </div>
          </div>
          <div
            class="euiSpacer euiSpacer--l"
          />
          <div
            class="euiFormRow euiFormRow--fullWidth euiFormRow--compressed"
            id="some_html_id-row"
          >
            <div
              class="euiFormRow__labelWrapper"
            >
              <label
                class="euiFormLabel euiFormRow__label"
                for="some_html_id"
              >
                Threat intelligence
              </label>
            </div>
            <div
              class="euiFormRow__fieldWrapper"
            >
              <div
                class="euiText euiText--small"
                data-test-subj="text-details-group-content-threat-intelligence"
                id="some_html_id"
              >
                Disabled
              </div>
            </div>
          </div>
          <div
            class="euiSpacer euiSpacer--l"
          />
        </div>
      </div>
    </div>
  </body>,
  "container": <div>
    <div
      class="euiPanel euiPanel--paddingMedium euiPanel--borderRadiusMedium euiPanel--plain euiPanel--hasShadow"
      style="padding: 16px;"
    >
      <div
        class="euiFlexGroup euiFlexGroup--gutterLarge euiFlexGroup--alignItemsCenter euiFlexGroup--justifyContentSpaceBetween euiFlexGroup--directionRow euiFlexGroup--responsive"
        style="padding: 0px 10px;"
      >
        <div
          class="euiFlexItem"
        >
          <div
            class="euiText euiText--small"
          >
            <h3>
              Detector details
            </h3>
          </div>
        </div>
        <div
          class="euiFlexItem euiFlexItem--flexGrowZero"
        >
          <div
            class="euiFlexGroup euiFlexGroup--gutterLarge euiFlexGroup--alignItemsCenter euiFlexGroup--justifyContentSpaceBetween euiFlexGroup--directionRow euiFlexGroup--responsive"
          >
            <div
              class="euiFlexItem"
            >
              <button
                class="euiButton euiButton--primary euiButton--small"
                data-test-subj="edit-detector-basic-details"
                type="button"
              >
                <span
                  class="euiButtonContent euiButton__content"
                >
                  <span
                    class="euiButton__text"
                  >
                    Edit
                  </span>
                </span>
              </button>
            </div>
          </div>
        </div>
      </div>
      <hr
        class="euiHorizontalRule euiHorizontalRule--full euiHorizontalRule--marginXSmall"
      />
      <div
        style="padding: 0px 10px;"
      >
        <div
          class="euiSpacer euiSpacer--l"
        />
        <div
          class="euiFlexGroup euiFlexGroup--gutterLarge euiFlexGroup--directionRow euiFlexGroup--responsive detailsFormRow"
        >
          <div
            class="euiFlexItem"
          >
            <div
              class="euiFormRow euiFormRow--fullWidth euiFormRow--compressed"
              id="some_html_id-row"
            >
              <div
                class="euiFormRow__labelWrapper"
              >
                <label
                  class="euiFormLabel euiFormRow__label"
                  for="some_html_id"
                >
                  Detector name
                </label>
              </div>
              <div
                class="euiFormRow__fieldWrapper"
              >
                <div
                  class="euiText euiText--small"
                  data-test-subj="text-details-group-content-detector-name"
                  id="some_html_id"
                >
                  detector_name
                </div>
              </div>
            </div>
          </div>
          <div
            class="euiFlexItem"
          >
            <div
              class="euiFormRow euiFormRow--fullWidth euiFormRow--compressed"
              id="some_html_id-row"
            >
              <div
                class="euiFormRow__labelWrapper"
              >
                <label
                  class="euiFormLabel euiFormRow__label"
                  for="some_html_id"
                >
                  Description
                </label>
              </div>
              <div
                class="euiFormRow__fieldWrapper"
              >
                <div
                  class="euiText euiText--small"
                  data-test-subj="text-details-group-content-description"
                  id="some_html_id"
                >
                  detectorDescription
                </div>
              </div>
            </div>
          </div>
          <div
            class="euiFlexItem"
          >
            <div
              class="euiFormRow euiFormRow--fullWidth euiFormRow--compressed"
              id="some_html_id-row"
            >
              <div
                class="euiFormRow__labelWrapper"
              >
                <label
                  class="euiFormLabel euiFormRow__label"
                  for="some_html_id"
                >
                  Detector schedule
                </label>
              </div>
              <div
                class="euiFormRow__fieldWrapper"
              >
                <div
                  class="euiText euiText--small"
                  data-test-subj="text-details-group-content-detector-schedule"
                  id="some_html_id"
                >
                  Every 1 minute
                </div>
              </div>
            </div>
          </div>
        </div>
        <div
          class="euiSpacer euiSpacer--l"
        />
        <div
          class="euiFlexGroup euiFlexGroup--gutterLarge euiFlexGroup--directionRow euiFlexGroup--responsive detailsFormRow"
        >
          <div
            class="euiFlexItem"
          >
            <div
              class="euiFormRow euiFormRow--fullWidth euiFormRow--compressed"
              id="some_html_id-row"
            >
              <div
                class="euiFormRow__labelWrapper"
              >
                <label
                  class="euiFormLabel euiFormRow__label"
                  for="some_html_id"
                >
                  Data source
                </label>
              </div>
              <div
                class="euiFormRow__fieldWrapper"
              >
                <div
                  class="euiText euiText--small"
                  data-test-subj="text-details-group-content-data-source"
                  id="some_html_id"
                >
                  <div
                    class="euiText euiText--medium"
                  >
                    .windows
                  </div>
                </div>
              </div>
            </div>
          </div>
          <div
            class="euiFlexItem"
          >
            <div
              class="euiFormRow euiFormRow--fullWidth euiFormRow--compressed"
              id="some_html_id-row"
            >
              <div
                class="euiFormRow__labelWrapper"
              >
                <label
                  class="euiFormLabel euiFormRow__label"
                  for="some_html_id"
                >
                  Log type
                </label>
              </div>
              <div
                class="euiFormRow__fieldWrapper"
              >
                <div
                  class="euiText euiText--small"
                  data-test-subj="text-details-group-content-log-type"
                  id="some_html_id"
                >
                  Detector Type
                </div>
              </div>
            </div>
          </div>
          <div
            class="euiFlexItem"
          >
            <div
              class="euiFormRow euiFormRow--fullWidth euiFormRow--compressed"
              id="some_html_id-row"
            >
              <div
                class="euiFormRow__labelWrapper"
              >
                <label
                  class="euiFormLabel euiFormRow__label"
                  for="some_html_id"
                >
                  Detector dashboard
                </label>
              </div>
              <div
                class="euiFormRow__fieldWrapper"
              >
                <div
                  class="euiText euiText--small"
                  data-test-subj="text-details-group-content-detector-dashboard"
                  id="some_html_id"
                >
                  Not available for this log type
                </div>
              </div>
            </div>
          </div>
        </div>
        <div
          class="euiSpacer euiSpacer--l"
        />
        <div
          class="euiFlexGroup euiFlexGroup--gutterLarge euiFlexGroup--directionRow euiFlexGroup--responsive detailsFormRow"
        >
          <div
            class="euiFlexItem"
          >
            <div
              class="euiFormRow euiFormRow--fullWidth euiFormRow--compressed"
              id="some_html_id-row"
            >
              <div
                class="euiFormRow__labelWrapper"
              >
                <label
                  class="euiFormLabel euiFormRow__label"
                  for="some_html_id"
                >
                  Detection rules
                </label>
              </div>
              <div
                class="euiFormRow__fieldWrapper"
              >
                <div
                  class="euiText euiText--small"
                  data-test-subj="text-details-group-content-detection-rules"
                  id="some_html_id"
                >
                  2
                </div>
              </div>
            </div>
          </div>
          <div
            class="euiFlexItem"
          >
            <div
              class="euiFormRow euiFormRow--fullWidth euiFormRow--compressed"
              id="some_html_id-row"
            >
              <div
                class="euiFormRow__labelWrapper"
              >
                <label
                  class="euiFormLabel euiFormRow__label"
                  for="some_html_id"
                >
                  Created at
                </label>
              </div>
              <div
                class="euiFormRow__fieldWrapper"
              >
                <div
                  class="euiText euiText--small"
                  data-test-subj="text-details-group-content-created-at"
                  id="some_html_id"
                >
                  2023-01-25T10:05
                </div>
              </div>
            </div>
          </div>
          <div
            class="euiFlexItem"
          >
            <div
              class="euiFormRow euiFormRow--fullWidth euiFormRow--compressed"
              id="some_html_id-row"
            >
              <div
                class="euiFormRow__labelWrapper"
              >
                <label
                  class="euiFormLabel euiFormRow__label"
                  for="some_html_id"
                >
                  Last updated time
                </label>
              </div>
              <div
                class="euiFormRow__fieldWrapper"
              >
                <div
                  class="euiText euiText--small"
                  data-test-subj="text-details-group-content-last-updated-time"
                  id="some_html_id"
                >
                  2023-01-25T10:05
                </div>
              </div>
            </div>
          </div>
        </div>
        <div
          class="euiSpacer euiSpacer--l"
        />
        <div
          class="euiFormRow euiFormRow--fullWidth euiFormRow--compressed"
          id="some_html_id-row"
        >
          <div
            class="euiFormRow__labelWrapper"
          >
            <label
              class="euiFormLabel euiFormRow__label"
              for="some_html_id"
            >
              Threat intelligence
            </label>
          </div>
          <div
            class="euiFormRow__fieldWrapper"
          >
            <div
              class="euiText euiText--small"
              data-test-subj="text-details-group-content-threat-intelligence"
              id="some_html_id"
            >
              Disabled
            </div>
          </div>
        </div>
        <div
          class="euiSpacer euiSpacer--l"
        />
      </div>
    </div>
  </div>,
  "debug": [Function],
  "findAllByAltText": [Function],
  "findAllByDisplayValue": [Function],
  "findAllByLabelText": [Function],
  "findAllByPlaceholderText": [Function],
  "findAllByRole": [Function],
  "findAllByTestId": [Function],
  "findAllByText": [Function],
  "findAllByTitle": [Function],
  "findByAltText": [Function],
  "findByDisplayValue": [Function],
  "findByLabelText": [Function],
  "findByPlaceholderText": [Function],
  "findByRole": [Function],
  "findByTestId": [Function],
  "findByText": [Function],
  "findByTitle": [Function],
  "getAllByAltText": [Function],
  "getAllByDisplayValue": [Function],
  "getAllByLabelText": [Function],
  "getAllByPlaceholderText": [Function],
  "getAllByRole": [Function],
  "getAllByTestId": [Function],
  "getAllByText": [Function],
  "getAllByTitle": [Function],
  "getByAltText": [Function],
  "getByDisplayValue": [Function],
  "getByLabelText": [Function],
  "getByPlaceholderText": [Function],
  "getByRole": [Function],
  "getByTestId": [Function],
  "getByText": [Function],
  "getByTitle": [Function],
  "queryAllByAltText": [Function],
  "queryAllByDisplayValue": [Function],
  "queryAllByLabelText": [Function],
  "queryAllByPlaceholderText": [Function],
  "queryAllByRole": [Function],
  "queryAllByTestId": [Function],
  "queryAllByText": [Function],
  "queryAllByTitle": [Function],
  "queryByAltText": [Function],
  "queryByDisplayValue": [Function],
  "queryByLabelText": [Function],
  "queryByPlaceholderText": [Function],
  "queryByRole": [Function],
  "queryByTestId": [Function],
  "queryByText": [Function],
  "queryByTitle": [Function],
  "rerender": [Function],
  "unmount": [Function],
}
`;
