// Jest Snapshot v1, https://goo.gl/fbAQLP

exports[`<FieldMappingsView /> spec renders the component 1`] = `
Object {
  "asFragment": [Function],
  "baseElement": <body>
    <div>
      <div
        class="euiPanel euiPanel--paddingMedium euiPanel--borderRadiusMedium euiPanel--plain euiPanel--hasShadow"
        style="padding: 16px;"
      >
        <div
          class="euiFlexGroup euiFlexGroup--gutterLarge euiFlexGroup--alignItemsCenter euiFlexGroup--justifyContentSpaceBetween euiFlexGroup--directionRow euiFlexGroup--responsive"
          style="padding: 0px 10px;"
        >
          <div
            class="euiFlexItem"
          >
            <div
              class="euiText euiText--small"
            >
              <h3>
                Field mapping
              </h3>
            </div>
          </div>
          <div
            class="euiFlexItem euiFlexItem--flexGrowZero"
          >
            <div
              class="euiFlexGroup euiFlexGroup--gutterLarge euiFlexGroup--alignItemsCenter euiFlexGroup--justifyContentSpaceBetween euiFlexGroup--directionRow euiFlexGroup--responsive"
            >
              <div
                class="euiFlexItem"
              >
                <button
                  class="euiButton euiButton--primary euiButton--small"
                  data-test-subj="edit-detector-field-mappings"
                  type="button"
                >
                  <span
                    class="euiButtonContent euiButton__content"
                  >
                    <span
                      class="euiButton__text"
                    >
                      Edit
                    </span>
                  </span>
                </button>
              </div>
            </div>
          </div>
        </div>
        <hr
          class="euiHorizontalRule euiHorizontalRule--full euiHorizontalRule--marginXSmall"
        />
        <div
          style="padding: 0px 10px;"
        >
          <div
            class="euiBasicTable"
          >
            <div>
              <div
                class="euiTableHeaderMobile"
              >
                <div
                  class="euiFlexGroup euiFlexGroup--gutterLarge euiFlexGroup--alignItemsBaseline euiFlexGroup--justifyContentSpaceBetween euiFlexGroup--directionRow"
                >
                  <div
                    class="euiFlexItem euiFlexItem--flexGrowZero"
                  />
                  <div
                    class="euiFlexItem euiFlexItem--flexGrowZero"
                  />
                </div>
              </div>
              <table
                class="euiTable euiTable--responsive"
                id="some_html_id"
                tabindex="-1"
              >
                <caption
                  class="euiScreenReaderOnly euiTableCaption"
                />
                <thead>
                  <tr>
                    <th
                      class="euiTableHeaderCell"
                      data-test-subj="tableHeaderCell_ruleFieldName_0"
                      role="columnheader"
                      scope="col"
                    >
                      <span
                        class="euiTableCellContent"
                      >
                        <span
                          class="euiTableCellContent__text"
                          title="Rule field name"
                        >
                          Rule field name
                        </span>
                      </span>
                    </th>
                    <th
                      class="euiTableHeaderCell"
                      data-test-subj="tableHeaderCell_logFieldName_1"
                      role="columnheader"
                      scope="col"
                    >
                      <span
                        class="euiTableCellContent"
                      >
                        <span
                          class="euiTableCellContent__text"
                          title="Mapped log field name"
                        >
                          Mapped log field name
                        </span>
                      </span>
                    </th>
                  </tr>
                </thead>
                <tbody>
                  <tr
                    class="euiTableRow"
                  >
                    <td
                      class="euiTableRowCell"
                    >
                      <div
                        class="euiTableRowCell__mobileHeader euiTableRowCell--hideForDesktop"
                      >
                        Rule field name
                      </div>
                      <div
                        class="euiTableCellContent"
                      >
                        <span
                          class="euiTableCellContent__text"
                        >
                          index_field_name
                        </span>
                      </div>
                    </td>
                    <td
                      class="euiTableRowCell"
                    >
                      <div
                        class="euiTableRowCell__mobileHeader euiTableRowCell--hideForDesktop"
                      >
                        Mapped log field name
                      </div>
                      <div
                        class="euiTableCellContent"
                      >
                        <span
                          class="euiTableCellContent__text"
                        >
                          index_field_name
                        </span>
                      </div>
                    </td>
                  </tr>
                  <tr
                    class="euiTableRow"
                  >
                    <td
                      class="euiTableRowCell"
                    >
                      <div
                        class="euiTableRowCell__mobileHeader euiTableRowCell--hideForDesktop"
                      >
                        Rule field name
                      </div>
                      <div
                        class="euiTableCellContent"
                      >
                        <span
                          class="euiTableCellContent__text"
                        >
                          index_field_name
                        </span>
                      </div>
                    </td>
                    <td
                      class="euiTableRowCell"
                    >
                      <div
                        class="euiTableRowCell__mobileHeader euiTableRowCell--hideForDesktop"
                      >
                        Mapped log field name
                      </div>
                      <div
                        class="euiTableCellContent"
                      >
                        <span
                          class="euiTableCellContent__text"
                        >
                          index_field_name
                        </span>
                      </div>
                    </td>
                  </tr>
                </tbody>
              </table>
            </div>
          </div>
        </div>
      </div>
    </div>
  </body>,
  "container": <div>
    <div
      class="euiPanel euiPanel--paddingMedium euiPanel--borderRadiusMedium euiPanel--plain euiPanel--hasShadow"
      style="padding: 16px;"
    >
      <div
        class="euiFlexGroup euiFlexGroup--gutterLarge euiFlexGroup--alignItemsCenter euiFlexGroup--justifyContentSpaceBetween euiFlexGroup--directionRow euiFlexGroup--responsive"
        style="padding: 0px 10px;"
      >
        <div
          class="euiFlexItem"
        >
          <div
            class="euiText euiText--small"
          >
            <h3>
              Field mapping
            </h3>
          </div>
        </div>
        <div
          class="euiFlexItem euiFlexItem--flexGrowZero"
        >
          <div
            class="euiFlexGroup euiFlexGroup--gutterLarge euiFlexGroup--alignItemsCenter euiFlexGroup--justifyContentSpaceBetween euiFlexGroup--directionRow euiFlexGroup--responsive"
          >
            <div
              class="euiFlexItem"
            >
              <button
                class="euiButton euiButton--primary euiButton--small"
                data-test-subj="edit-detector-field-mappings"
                type="button"
              >
                <span
                  class="euiButtonContent euiButton__content"
                >
                  <span
                    class="euiButton__text"
                  >
                    Edit
                  </span>
                </span>
              </button>
            </div>
          </div>
        </div>
      </div>
      <hr
        class="euiHorizontalRule euiHorizontalRule--full euiHorizontalRule--marginXSmall"
      />
      <div
        style="padding: 0px 10px;"
      >
        <div
          class="euiBasicTable"
        >
          <div>
            <div
              class="euiTableHeaderMobile"
            >
              <div
                class="euiFlexGroup euiFlexGroup--gutterLarge euiFlexGroup--alignItemsBaseline euiFlexGroup--justifyContentSpaceBetween euiFlexGroup--directionRow"
              >
                <div
                  class="euiFlexItem euiFlexItem--flexGrowZero"
                />
                <div
                  class="euiFlexItem euiFlexItem--flexGrowZero"
                />
              </div>
            </div>
            <table
              class="euiTable euiTable--responsive"
              id="some_html_id"
              tabindex="-1"
            >
              <caption
                class="euiScreenReaderOnly euiTableCaption"
              />
              <thead>
                <tr>
                  <th
                    class="euiTableHeaderCell"
                    data-test-subj="tableHeaderCell_ruleFieldName_0"
                    role="columnheader"
                    scope="col"
                  >
                    <span
                      class="euiTableCellContent"
                    >
                      <span
                        class="euiTableCellContent__text"
                        title="Rule field name"
                      >
                        Rule field name
                      </span>
                    </span>
                  </th>
                  <th
                    class="euiTableHeaderCell"
                    data-test-subj="tableHeaderCell_logFieldName_1"
                    role="columnheader"
                    scope="col"
                  >
                    <span
                      class="euiTableCellContent"
                    >
                      <span
                        class="euiTableCellContent__text"
                        title="Mapped log field name"
                      >
                        Mapped log field name
                      </span>
                    </span>
                  </th>
                </tr>
              </thead>
              <tbody>
                <tr
                  class="euiTableRow"
                >
                  <td
                    class="euiTableRowCell"
                  >
                    <div
                      class="euiTableRowCell__mobileHeader euiTableRowCell--hideForDesktop"
                    >
                      Rule field name
                    </div>
                    <div
                      class="euiTableCellContent"
                    >
                      <span
                        class="euiTableCellContent__text"
                      >
                        index_field_name
                      </span>
                    </div>
                  </td>
                  <td
                    class="euiTableRowCell"
                  >
                    <div
                      class="euiTableRowCell__mobileHeader euiTableRowCell--hideForDesktop"
                    >
                      Mapped log field name
                    </div>
                    <div
                      class="euiTableCellContent"
                    >
                      <span
                        class="euiTableCellContent__text"
                      >
                        index_field_name
                      </span>
                    </div>
                  </td>
                </tr>
                <tr
                  class="euiTableRow"
                >
                  <td
                    class="euiTableRowCell"
                  >
                    <div
                      class="euiTableRowCell__mobileHeader euiTableRowCell--hideForDesktop"
                    >
                      Rule field name
                    </div>
                    <div
                      class="euiTableCellContent"
                    >
                      <span
                        class="euiTableCellContent__text"
                      >
                        index_field_name
                      </span>
                    </div>
                  </td>
                  <td
                    class="euiTableRowCell"
                  >
                    <div
                      class="euiTableRowCell__mobileHeader euiTableRowCell--hideForDesktop"
                    >
                      Mapped log field name
                    </div>
                    <div
                      class="euiTableCellContent"
                    >
                      <span
                        class="euiTableCellContent__text"
                      >
                        index_field_name
                      </span>
                    </div>
                  </td>
                </tr>
              </tbody>
            </table>
          </div>
        </div>
      </div>
    </div>
  </div>,
  "debug": [Function],
  "findAllByAltText": [Function],
  "findAllByDisplayValue": [Function],
  "findAllByLabelText": [Function],
  "findAllByPlaceholderText": [Function],
  "findAllByRole": [Function],
  "findAllByTestId": [Function],
  "findAllByText": [Function],
  "findAllByTitle": [Function],
  "findByAltText": [Function],
  "findByDisplayValue": [Function],
  "findByLabelText": [Function],
  "findByPlaceholderText": [Function],
  "findByRole": [Function],
  "findByTestId": [Function],
  "findByText": [Function],
  "findByTitle": [Function],
  "getAllByAltText": [Function],
  "getAllByDisplayValue": [Function],
  "getAllByLabelText": [Function],
  "getAllByPlaceholderText": [Function],
  "getAllByRole": [Function],
  "getAllByTestId": [Function],
  "getAllByText": [Function],
  "getAllByTitle": [Function],
  "getByAltText": [Function],
  "getByDisplayValue": [Function],
  "getByLabelText": [Function],
  "getByPlaceholderText": [Function],
  "getByRole": [Function],
  "getByTestId": [Function],
  "getByText": [Function],
  "getByTitle": [Function],
  "queryAllByAltText": [Function],
  "queryAllByDisplayValue": [Function],
  "queryAllByLabelText": [Function],
  "queryAllByPlaceholderText": [Function],
  "queryAllByRole": [Function],
  "queryAllByTestId": [Function],
  "queryAllByText": [Function],
  "queryAllByTitle": [Function],
  "queryByAltText": [Function],
  "queryByDisplayValue": [Function],
  "queryByLabelText": [Function],
  "queryByPlaceholderText": [Function],
  "queryByRole": [Function],
  "queryByTestId": [Function],
  "queryByText": [Function],
  "queryByTitle": [Function],
  "rerender": [Function],
  "unmount": [Function],
}
`;
